[0.020s] Invoking command in '/home/basten/ros2_ws/src/MagangBanyubramanta_Basten-Andika-Salim/src/build/tugas_yolo': /usr/bin/cmake --build /home/basten/ros2_ws/src/MagangBanyubramanta_Basten-Andika-Salim/src/build/tugas_yolo -- -j32 -l32
[0.032s] -- Found ament_cmake: 1.3.8 (/opt/ros/humble/share/ament_cmake/cmake)
[0.093s] -- Found rclcpp: 16.0.8 (/opt/ros/humble/share/rclcpp/cmake)
[0.106s] -- Found rosidl_generator_c: 3.1.5 (/opt/ros/humble/share/rosidl_generator_c/cmake)
[0.107s] -- Found rosidl_adapter: 3.1.5 (/opt/ros/humble/share/rosidl_adapter/cmake)
[0.110s] -- Found rosidl_generator_cpp: 3.1.5 (/opt/ros/humble/share/rosidl_generator_cpp/cmake)
[0.115s] -- Using all available rosidl_typesupport_c: rosidl_typesupport_fastrtps_c;rosidl_typesupport_introspection_c
[0.122s] -- Using all available rosidl_typesupport_cpp: rosidl_typesupport_fastrtps_cpp;rosidl_typesupport_introspection_cpp
[0.148s] -- Found rmw_implementation_cmake: 6.1.1 (/opt/ros/humble/share/rmw_implementation_cmake/cmake)
[0.149s] -- Found rmw_fastrtps_cpp: 6.2.6 (/opt/ros/humble/share/rmw_fastrtps_cpp/cmake)
[0.202s] -- Using RMW implementation 'rmw_fastrtps_cpp' as default
[0.276s] -- Found sensor_msgs: 4.2.3 (/opt/ros/humble/share/sensor_msgs/cmake)
[0.334s] -- Found cv_bridge: 3.2.1 (/opt/ros/humble/share/cv_bridge/cmake)
[0.336s] [33mCMake Warning at /usr/lib/cmake/ngraph2023.3.0/ngraphConfig.cmake:79 (message):
[0.336s]   find_package(ngraph) is deprecated and will be removed in 2024.0 release.
[0.336s]   Please, use find_package(OpenVINO)
[0.336s] Call Stack (most recent call first):
[0.336s]   CMakeLists.txt:15 (find_package)
[0.336s] 
[0.336s] [0m
[0.338s] [33mCMake Warning at /usr/lib/cmake/inferenceengine2023.3.0/InferenceEngineConfig.cmake:62 (message):
[0.338s]   find_package(InferenceEngine) is deprecated and will be removed in 2024.0
[0.338s]   release.  Please, use find_package(OpenVINO)
[0.338s] Call Stack (most recent call first):
[0.338s]   CMakeLists.txt:16 (find_package)
[0.338s] 
[0.338s] [0m
[0.340s] [31mCMake Error at CMakeLists.txt:23 (target_link_libraries):
[0.340s]   The plain signature for target_link_libraries has already been used with
[0.340s]   the target "initCv".  All uses of target_link_libraries with a target must
[0.340s]   be either all-keyword or all-plain.
[0.341s] 
[0.341s]   The uses of the plain signature are here:
[0.341s] 
[0.341s]    * /opt/ros/humble/share/ament_cmake_target_dependencies/cmake/ament_target_dependencies.cmake:145 (target_link_libraries)
[0.341s]    * /opt/ros/humble/share/ament_cmake_target_dependencies/cmake/ament_target_dependencies.cmake:151 (target_link_libraries)
[0.341s] 
[0.341s] 
[0.341s] [0m
[0.341s] -- Found ament_lint_auto: 0.12.10 (/opt/ros/humble/share/ament_lint_auto/cmake)
[0.365s] Error parsing '/home/basten/ros2_ws/src/MagangBanyubramanta_Basten-Andika-Salim/src/tugas_yolo/package.xml':
[0.386s] Traceback (most recent call last):
[0.386s]   File "/usr/lib/python3/dist-packages/catkin_pkg/package.py", line 610, in parse_package_string
[0.386s]     root = dom.parseString(data)
[0.386s]   File "/usr/lib/python3.10/xml/dom/minidom.py", line 2000, in parseString
[0.386s]     return expatbuilder.parseString(string)
[0.386s]   File "/usr/lib/python3.10/xml/dom/expatbuilder.py", line 925, in parseString
[0.386s]     return builder.parseString(string)
[0.386s]   File "/usr/lib/python3.10/xml/dom/expatbuilder.py", line 223, in parseString
[0.386s]     parser.Parse(string, True)
[0.386s] xml.parsers.expat.ExpatError: mismatched tag: line 18, column 18
[0.386s] 
[0.386s] During handling of the above exception, another exception occurred:
[0.386s] 
[0.386s] Traceback (most recent call last):
[0.386s]   File "/opt/ros/humble/share/ament_cmake_core/cmake/core/package_xml_2_cmake.py", line 150, in <module>
[0.386s]     main()
[0.386s]   File "/opt/ros/humble/share/ament_cmake_core/cmake/core/package_xml_2_cmake.py", line 53, in main
[0.386s]     raise e
[0.386s]   File "/opt/ros/humble/share/ament_cmake_core/cmake/core/package_xml_2_cmake.py", line 49, in main
[0.387s]     package = parse_package_string(
[0.387s]   File "/usr/lib/python3/dist-packages/catkin_pkg/package.py", line 612, in parse_package_string
[0.387s]     raise InvalidPackage('The manifest contains invalid XML:\n%s' % ex, filename)
[0.387s] catkin_pkg.package.InvalidPackage: Error(s) in package '/home/basten/ros2_ws/src/MagangBanyubramanta_Basten-Andika-Salim/src/tugas_yolo/package.xml':
[0.387s] The manifest contains invalid XML:
[0.387s] mismatched tag: line 18, column 18
[0.392s] [31mCMake Error at /opt/ros/humble/share/ament_cmake_core/cmake/core/ament_package_xml.cmake:95 (message):
[0.393s]   execute_process(/usr/bin/python3
[0.393s]   /opt/ros/humble/share/ament_cmake_core/cmake/core/package_xml_2_cmake.py
[0.393s]   /home/basten/ros2_ws/src/MagangBanyubramanta_Basten-Andika-Salim/src/tugas_yolo/package.xml
[0.393s]   /home/basten/ros2_ws/src/MagangBanyubramanta_Basten-Andika-Salim/src/build/tugas_yolo/ament_cmake_core/package.cmake)
[0.393s]   returned error code 1
[0.393s] Call Stack (most recent call first):
[0.393s]   /opt/ros/humble/share/ament_cmake_core/cmake/core/ament_package_xml.cmake:49 (_ament_package_xml)
[0.393s]   /opt/ros/humble/share/ament_lint_auto/cmake/ament_lint_auto_find_test_dependencies.cmake:31 (ament_package_xml)
[0.393s]   CMakeLists.txt:40 (ament_lint_auto_find_test_dependencies)
[0.393s] 
[0.393s] [0m
[0.393s] -- Configuring incomplete, errors occurred!
[0.393s] See also "/home/basten/ros2_ws/src/MagangBanyubramanta_Basten-Andika-Salim/src/build/tugas_yolo/CMakeFiles/CMakeOutput.log".
[0.397s] gmake: *** [Makefile:267: cmake_check_build_system] Error 1
[0.398s] Invoked command in '/home/basten/ros2_ws/src/MagangBanyubramanta_Basten-Andika-Salim/src/build/tugas_yolo' returned '2': /usr/bin/cmake --build /home/basten/ros2_ws/src/MagangBanyubramanta_Basten-Andika-Salim/src/build/tugas_yolo -- -j32 -l32
