[0.021s] Invoking command in '/home/basten/ros2_ws/src/MagangBanyubramanta_Basten-Andika-Salim/src/build/tugas_yolo': /usr/bin/cmake --build /home/basten/ros2_ws/src/MagangBanyubramanta_Basten-Andika-Salim/src/build/tugas_yolo -- -j32 -l32
[0.033s] -- Found ament_cmake: 1.3.8 (/opt/ros/humble/share/ament_cmake/cmake)
[0.098s] -- Found rclcpp: 16.0.8 (/opt/ros/humble/share/rclcpp/cmake)
[0.112s] -- Found rosidl_generator_c: 3.1.5 (/opt/ros/humble/share/rosidl_generator_c/cmake)
[0.113s] -- Found rosidl_adapter: 3.1.5 (/opt/ros/humble/share/rosidl_adapter/cmake)
[0.116s] -- Found rosidl_generator_cpp: 3.1.5 (/opt/ros/humble/share/rosidl_generator_cpp/cmake)
[0.121s] -- Using all available rosidl_typesupport_c: rosidl_typesupport_fastrtps_c;rosidl_typesupport_introspection_c
[0.128s] -- Using all available rosidl_typesupport_cpp: rosidl_typesupport_fastrtps_cpp;rosidl_typesupport_introspection_cpp
[0.154s] -- Found rmw_implementation_cmake: 6.1.1 (/opt/ros/humble/share/rmw_implementation_cmake/cmake)
[0.155s] -- Found rmw_fastrtps_cpp: 6.2.6 (/opt/ros/humble/share/rmw_fastrtps_cpp/cmake)
[0.208s] -- Using RMW implementation 'rmw_fastrtps_cpp' as default
[0.281s] -- Found sensor_msgs: 4.2.3 (/opt/ros/humble/share/sensor_msgs/cmake)
[0.339s] -- Found cv_bridge: 3.2.1 (/opt/ros/humble/share/cv_bridge/cmake)
[0.351s] [33mCMake Warning at /usr/lib/cmake/ngraph2023.3.0/ngraphConfig.cmake:79 (message):
[0.352s]   find_package(ngraph) is deprecated and will be removed in 2024.0 release.
[0.352s]   Please, use find_package(OpenVINO)
[0.352s] Call Stack (most recent call first):
[0.352s]   CMakeLists.txt:15 (find_package)
[0.352s] 
[0.352s] [0m
[0.353s] [33mCMake Warning at /usr/lib/cmake/inferenceengine2023.3.0/InferenceEngineConfig.cmake:62 (message):
[0.353s]   find_package(InferenceEngine) is deprecated and will be removed in 2024.0
[0.353s]   release.  Please, use find_package(OpenVINO)
[0.353s] Call Stack (most recent call first):
[0.353s]   CMakeLists.txt:16 (find_package)
[0.353s] 
[0.353s] [0m
[0.355s] [31mCMake Error at CMakeLists.txt:23 (target_link_libraries):
[0.355s]   The INTERFACE, PUBLIC or PRIVATE option must appear as the second argument,
[0.355s]   just after the target name.
[0.355s] 
[0.355s] [0m
[0.355s] -- Found ament_lint_auto: 0.12.10 (/opt/ros/humble/share/ament_lint_auto/cmake)
[0.381s] Error parsing '/home/basten/ros2_ws/src/MagangBanyubramanta_Basten-Andika-Salim/src/tugas_yolo/package.xml':
[0.402s] Traceback (most recent call last):
[0.402s]   File "/usr/lib/python3/dist-packages/catkin_pkg/package.py", line 610, in parse_package_string
[0.402s]     root = dom.parseString(data)
[0.402s]   File "/usr/lib/python3.10/xml/dom/minidom.py", line 2000, in parseString
[0.402s]     return expatbuilder.parseString(string)
[0.402s]   File "/usr/lib/python3.10/xml/dom/expatbuilder.py", line 925, in parseString
[0.402s]     return builder.parseString(string)
[0.402s]   File "/usr/lib/python3.10/xml/dom/expatbuilder.py", line 223, in parseString
[0.402s]     parser.Parse(string, True)
[0.402s] xml.parsers.expat.ExpatError: mismatched tag: line 18, column 18
[0.402s] 
[0.402s] During handling of the above exception, another exception occurred:
[0.402s] 
[0.402s] Traceback (most recent call last):
[0.402s]   File "/opt/ros/humble/share/ament_cmake_core/cmake/core/package_xml_2_cmake.py", line 150, in <module>
[0.402s]     main()
[0.402s]   File "/opt/ros/humble/share/ament_cmake_core/cmake/core/package_xml_2_cmake.py", line 53, in main
[0.402s]     raise e
[0.402s]   File "/opt/ros/humble/share/ament_cmake_core/cmake/core/package_xml_2_cmake.py", line 49, in main
[0.402s]     package = parse_package_string(
[0.403s]   File "/usr/lib/python3/dist-packages/catkin_pkg/package.py", line 612, in parse_package_string
[0.403s]     raise InvalidPackage('The manifest contains invalid XML:\n%s' % ex, filename)
[0.403s] catkin_pkg.package.InvalidPackage: Error(s) in package '/home/basten/ros2_ws/src/MagangBanyubramanta_Basten-Andika-Salim/src/tugas_yolo/package.xml':
[0.403s] The manifest contains invalid XML:
[0.403s] mismatched tag: line 18, column 18
[0.409s] [31mCMake Error at /opt/ros/humble/share/ament_cmake_core/cmake/core/ament_package_xml.cmake:95 (message):
[0.409s]   execute_process(/usr/bin/python3
[0.409s]   /opt/ros/humble/share/ament_cmake_core/cmake/core/package_xml_2_cmake.py
[0.409s]   /home/basten/ros2_ws/src/MagangBanyubramanta_Basten-Andika-Salim/src/tugas_yolo/package.xml
[0.409s]   /home/basten/ros2_ws/src/MagangBanyubramanta_Basten-Andika-Salim/src/build/tugas_yolo/ament_cmake_core/package.cmake)
[0.409s]   returned error code 1
[0.409s] Call Stack (most recent call first):
[0.409s]   /opt/ros/humble/share/ament_cmake_core/cmake/core/ament_package_xml.cmake:49 (_ament_package_xml)
[0.409s]   /opt/ros/humble/share/ament_lint_auto/cmake/ament_lint_auto_find_test_dependencies.cmake:31 (ament_package_xml)
[0.409s]   CMakeLists.txt:40 (ament_lint_auto_find_test_dependencies)
[0.409s] 
[0.409s] [0m
[0.409s] -- Configuring incomplete, errors occurred!
[0.409s] See also "/home/basten/ros2_ws/src/MagangBanyubramanta_Basten-Andika-Salim/src/build/tugas_yolo/CMakeFiles/CMakeOutput.log".
[0.412s] gmake: *** [Makefile:267: cmake_check_build_system] Error 1
[0.414s] Invoked command in '/home/basten/ros2_ws/src/MagangBanyubramanta_Basten-Andika-Salim/src/build/tugas_yolo' returned '2': /usr/bin/cmake --build /home/basten/ros2_ws/src/MagangBanyubramanta_Basten-Andika-Salim/src/build/tugas_yolo -- -j32 -l32
