[0.000000] (-) TimerEvent: {}
[0.000234] (-) JobUnselected: {'identifier': 'tugas_opencv'}
[0.000260] (-) JobUnselected: {'identifier': 'tugas_yolo-yolocpp'}
[0.000268] (-) JobUnselected: {'identifier': 'xbox'}
[0.000277] (tugas_yolo) JobQueued: {'identifier': 'tugas_yolo', 'dependencies': OrderedDict()}
[0.000285] (tugas_yolo) JobStarted: {'identifier': 'tugas_yolo'}
[0.019881] (tugas_yolo) JobProgress: {'identifier': 'tugas_yolo', 'progress': 'cmake'}
[0.020702] (tugas_yolo) JobProgress: {'identifier': 'tugas_yolo', 'progress': 'build'}
[0.020751] (tugas_yolo) Command: {'cmd': ['/usr/bin/cmake', '--build', '/home/basten/ros2_ws/src/MagangBanyubramanta_Basten-Andika-Salim/src/build/tugas_yolo', '--', '-j32', '-l32'], 'cwd': '/home/basten/ros2_ws/src/MagangBanyubramanta_Basten-Andika-Salim/src/build/tugas_yolo', 'env': OrderedDict([('LESSOPEN', '| /usr/bin/lesspipe %s'), ('USER', 'basten'), ('LC_TIME', 'id_ID.UTF-8'), ('XDG_SESSION_TYPE', 'x11'), ('SHLVL', '1'), ('LD_LIBRARY_PATH', '/opt/ros/humble/opt/rviz_ogre_vendor/lib:/opt/ros/humble/lib/x86_64-linux-gnu:/opt/ros/humble/lib'), ('HOME', '/home/basten'), ('OLDPWD', '/home/basten/ros2_ws/src/MagangBanyubramanta_Basten-Andika-Salim'), ('DESKTOP_SESSION', 'ubuntu'), ('ROS_PYTHON_VERSION', '3'), ('GNOME_SHELL_SESSION_MODE', 'ubuntu'), ('GTK_MODULES', 'gail:atk-bridge'), ('LC_MONETARY', 'id_ID.UTF-8'), ('SYSTEMD_EXEC_PID', '1804'), ('DBUS_SESSION_BUS_ADDRESS', 'unix:path=/run/user/1000/bus'), ('COLORTERM', 'truecolor'), ('ROS_DISTRO', 'humble'), ('GTK_IM_MODULE', 'ibus'), ('LOGNAME', 'basten'), ('_', '/usr/bin/colcon'), ('ROS_VERSION', '2'), ('XDG_SESSION_CLASS', 'user'), ('USERNAME', 'basten'), ('TERM', 'xterm-256color'), ('GNOME_DESKTOP_SESSION_ID', 'this-is-deprecated'), ('ROS_LOCALHOST_ONLY', '0'), ('WINDOWPATH', '2'), ('PATH', '/opt/ros/humble/bin:/home/basten/.local/bin:/usr/local/sbin:/usr/local/bin:/usr/sbin:/usr/bin:/sbin:/bin:/usr/games:/usr/local/games:/snap/bin:/snap/bin'), ('SESSION_MANAGER', 'local/basten-Legion-Pro-5-16IRX8:@/tmp/.ICE-unix/1781,unix/basten-Legion-Pro-5-16IRX8:/tmp/.ICE-unix/1781'), ('XDG_MENU_PREFIX', 'gnome-'), ('LC_ADDRESS', 'id_ID.UTF-8'), ('GNOME_TERMINAL_SCREEN', '/org/gnome/Terminal/screen/251405aa_5894_4bda_9abd_c16098740c57'), ('XDG_RUNTIME_DIR', '/run/user/1000'), ('DISPLAY', ':0'), ('LANG', 'en_US.UTF-8'), ('XDG_CURRENT_DESKTOP', 'ubuntu:GNOME'), ('LC_TELEPHONE', 'id_ID.UTF-8'), ('XMODIFIERS', '@im=ibus'), ('XDG_SESSION_DESKTOP', 'ubuntu'), ('XAUTHORITY', '/run/user/1000/gdm/Xauthority'), ('LS_COLORS', 'rs=0:di=01;34:ln=01;36:mh=00:pi=40;33:so=01;35:do=01;35:bd=40;33;01:cd=40;33;01:or=40;31;01:mi=00:su=37;41:sg=30;43:ca=30;41:tw=30;42:ow=34;42:st=37;44:ex=01;32:*.tar=01;31:*.tgz=01;31:*.arc=01;31:*.arj=01;31:*.taz=01;31:*.lha=01;31:*.lz4=01;31:*.lzh=01;31:*.lzma=01;31:*.tlz=01;31:*.txz=01;31:*.tzo=01;31:*.t7z=01;31:*.zip=01;31:*.z=01;31:*.dz=01;31:*.gz=01;31:*.lrz=01;31:*.lz=01;31:*.lzo=01;31:*.xz=01;31:*.zst=01;31:*.tzst=01;31:*.bz2=01;31:*.bz=01;31:*.tbz=01;31:*.tbz2=01;31:*.tz=01;31:*.deb=01;31:*.rpm=01;31:*.jar=01;31:*.war=01;31:*.ear=01;31:*.sar=01;31:*.rar=01;31:*.alz=01;31:*.ace=01;31:*.zoo=01;31:*.cpio=01;31:*.7z=01;31:*.rz=01;31:*.cab=01;31:*.wim=01;31:*.swm=01;31:*.dwm=01;31:*.esd=01;31:*.jpg=01;35:*.jpeg=01;35:*.mjpg=01;35:*.mjpeg=01;35:*.gif=01;35:*.bmp=01;35:*.pbm=01;35:*.pgm=01;35:*.ppm=01;35:*.tga=01;35:*.xbm=01;35:*.xpm=01;35:*.tif=01;35:*.tiff=01;35:*.png=01;35:*.svg=01;35:*.svgz=01;35:*.mng=01;35:*.pcx=01;35:*.mov=01;35:*.mpg=01;35:*.mpeg=01;35:*.m2v=01;35:*.mkv=01;35:*.webm=01;35:*.webp=01;35:*.ogm=01;35:*.mp4=01;35:*.m4v=01;35:*.mp4v=01;35:*.vob=01;35:*.qt=01;35:*.nuv=01;35:*.wmv=01;35:*.asf=01;35:*.rm=01;35:*.rmvb=01;35:*.flc=01;35:*.avi=01;35:*.fli=01;35:*.flv=01;35:*.gl=01;35:*.dl=01;35:*.xcf=01;35:*.xwd=01;35:*.yuv=01;35:*.cgm=01;35:*.emf=01;35:*.ogv=01;35:*.ogx=01;35:*.aac=00;36:*.au=00;36:*.flac=00;36:*.m4a=00;36:*.mid=00;36:*.midi=00;36:*.mka=00;36:*.mp3=00;36:*.mpc=00;36:*.ogg=00;36:*.ra=00;36:*.wav=00;36:*.oga=00;36:*.opus=00;36:*.spx=00;36:*.xspf=00;36:'), ('GNOME_TERMINAL_SERVICE', ':1.103'), ('SSH_AGENT_LAUNCHER', 'gnome-keyring'), ('SSH_AUTH_SOCK', '/run/user/1000/keyring/ssh'), ('AMENT_PREFIX_PATH', '/opt/ros/humble'), ('SHELL', '/bin/bash'), ('LC_NAME', 'id_ID.UTF-8'), ('QT_ACCESSIBILITY', '1'), ('GDMSESSION', 'ubuntu'), ('LESSCLOSE', '/usr/bin/lesspipe %s %s'), ('LC_MEASUREMENT', 'id_ID.UTF-8'), ('GPG_AGENT_INFO', '/run/user/1000/gnupg/S.gpg-agent:0:1'), ('LC_IDENTIFICATION', 'id_ID.UTF-8'), ('QT_IM_MODULE', 'ibus'), ('PWD', '/home/basten/ros2_ws/src/MagangBanyubramanta_Basten-Andika-Salim/src/build/tugas_yolo'), ('LC_ALL', 'en_US.UTF-8'), ('XDG_CONFIG_DIRS', '/etc/xdg/xdg-ubuntu:/etc/xdg'), ('XDG_DATA_DIRS', '/usr/share/ubuntu:/usr/share/gnome:/usr/local/share/:/usr/share/:/var/lib/snapd/desktop'), ('PYTHONPATH', '/opt/ros/humble/lib/python3.10/site-packages:/opt/ros/humble/local/lib/python3.10/dist-packages'), ('LC_NUMERIC', 'id_ID.UTF-8'), ('LC_PAPER', 'id_ID.UTF-8'), ('COLCON', '1'), ('VTE_VERSION', '6800')]), 'shell': False}
[0.032873] (tugas_yolo) StdoutLine: {'line': b'-- Found ament_cmake: 1.3.8 (/opt/ros/humble/share/ament_cmake/cmake)\n'}
[0.099523] (-) TimerEvent: {}
[0.102784] (tugas_yolo) StdoutLine: {'line': b'-- Found rclcpp: 16.0.8 (/opt/ros/humble/share/rclcpp/cmake)\n'}
[0.115994] (tugas_yolo) StdoutLine: {'line': b'-- Found rosidl_generator_c: 3.1.5 (/opt/ros/humble/share/rosidl_generator_c/cmake)\n'}
[0.117007] (tugas_yolo) StdoutLine: {'line': b'-- Found rosidl_adapter: 3.1.5 (/opt/ros/humble/share/rosidl_adapter/cmake)\n'}
[0.120045] (tugas_yolo) StdoutLine: {'line': b'-- Found rosidl_generator_cpp: 3.1.5 (/opt/ros/humble/share/rosidl_generator_cpp/cmake)\n'}
[0.124626] (tugas_yolo) StdoutLine: {'line': b'-- Using all available rosidl_typesupport_c: rosidl_typesupport_fastrtps_c;rosidl_typesupport_introspection_c\n'}
[0.131560] (tugas_yolo) StdoutLine: {'line': b'-- Using all available rosidl_typesupport_cpp: rosidl_typesupport_fastrtps_cpp;rosidl_typesupport_introspection_cpp\n'}
[0.157705] (tugas_yolo) StdoutLine: {'line': b'-- Found rmw_implementation_cmake: 6.1.1 (/opt/ros/humble/share/rmw_implementation_cmake/cmake)\n'}
[0.158328] (tugas_yolo) StdoutLine: {'line': b'-- Found rmw_fastrtps_cpp: 6.2.6 (/opt/ros/humble/share/rmw_fastrtps_cpp/cmake)\n'}
[0.199678] (-) TimerEvent: {}
[0.212508] (tugas_yolo) StdoutLine: {'line': b"-- Using RMW implementation 'rmw_fastrtps_cpp' as default\n"}
[0.285376] (tugas_yolo) StdoutLine: {'line': b'-- Found sensor_msgs: 4.2.3 (/opt/ros/humble/share/sensor_msgs/cmake)\n'}
[0.299836] (-) TimerEvent: {}
[0.342647] (tugas_yolo) StdoutLine: {'line': b'-- Found cv_bridge: 3.2.1 (/opt/ros/humble/share/cv_bridge/cmake)\n'}
[0.345084] (tugas_yolo) StderrLine: {'line': b'\x1b[33mCMake Warning at /usr/lib/cmake/ngraph2023.3.0/ngraphConfig.cmake:79 (message):\n'}
[0.345130] (tugas_yolo) StderrLine: {'line': b'  find_package(ngraph) is deprecated and will be removed in 2024.0 release.\n'}
[0.345156] (tugas_yolo) StderrLine: {'line': b'  Please, use find_package(OpenVINO)\n'}
[0.345181] (tugas_yolo) StderrLine: {'line': b'Call Stack (most recent call first):\n'}
[0.345204] (tugas_yolo) StderrLine: {'line': b'  CMakeLists.txt:15 (find_package)\n'}
[0.345227] (tugas_yolo) StderrLine: {'line': b'\n'}
[0.345249] (tugas_yolo) StderrLine: {'line': b'\x1b[0m\n'}
[0.346855] (tugas_yolo) StderrLine: {'line': b'\x1b[33mCMake Warning at /usr/lib/cmake/inferenceengine2023.3.0/InferenceEngineConfig.cmake:62 (message):\n'}
[0.346886] (tugas_yolo) StderrLine: {'line': b'  find_package(InferenceEngine) is deprecated and will be removed in 2024.0\n'}
[0.346913] (tugas_yolo) StderrLine: {'line': b'  release.  Please, use find_package(OpenVINO)\n'}
[0.346935] (tugas_yolo) StderrLine: {'line': b'Call Stack (most recent call first):\n'}
[0.346956] (tugas_yolo) StderrLine: {'line': b'  CMakeLists.txt:16 (find_package)\n'}
[0.346978] (tugas_yolo) StderrLine: {'line': b'\n'}
[0.346999] (tugas_yolo) StderrLine: {'line': b'\x1b[0m\n'}
[0.348899] (tugas_yolo) StderrLine: {'line': b'\x1b[31mCMake Error at CMakeLists.txt:23 (target_link_libraries):\n'}
[0.348926] (tugas_yolo) StderrLine: {'line': b'  The plain signature for target_link_libraries has already been used with\n'}
[0.348960] (tugas_yolo) StderrLine: {'line': b'  the target "initCv".  All uses of target_link_libraries with a target must\n'}
[0.348983] (tugas_yolo) StderrLine: {'line': b'  be either all-keyword or all-plain.\n'}
[0.349004] (tugas_yolo) StderrLine: {'line': b'\n'}
[0.349028] (tugas_yolo) StderrLine: {'line': b'  The uses of the plain signature are here:\n'}
[0.349075] (tugas_yolo) StderrLine: {'line': b'\n'}
[0.349097] (tugas_yolo) StderrLine: {'line': b'   * /opt/ros/humble/share/ament_cmake_target_dependencies/cmake/ament_target_dependencies.cmake:145 (target_link_libraries)\n'}
[0.349122] (tugas_yolo) StderrLine: {'line': b'   * /opt/ros/humble/share/ament_cmake_target_dependencies/cmake/ament_target_dependencies.cmake:151 (target_link_libraries)\n'}
[0.349143] (tugas_yolo) StderrLine: {'line': b'\n'}
[0.349163] (tugas_yolo) StderrLine: {'line': b'\n'}
[0.349183] (tugas_yolo) StderrLine: {'line': b'\x1b[0m\n'}
[0.349204] (tugas_yolo) StdoutLine: {'line': b'-- Found ament_lint_auto: 0.12.10 (/opt/ros/humble/share/ament_lint_auto/cmake)\n'}
[0.373091] (tugas_yolo) StderrLine: {'line': b"Error parsing '/home/basten/ros2_ws/src/MagangBanyubramanta_Basten-Andika-Salim/src/tugas_yolo/package.xml':\n"}
[0.393129] (tugas_yolo) StderrLine: {'line': b'Traceback (most recent call last):\n'}
[0.393188] (tugas_yolo) StderrLine: {'line': b'  File "/usr/lib/python3/dist-packages/catkin_pkg/package.py", line 610, in parse_package_string\n'}
[0.393221] (tugas_yolo) StderrLine: {'line': b'    root = dom.parseString(data)\n'}
[0.393244] (tugas_yolo) StderrLine: {'line': b'  File "/usr/lib/python3.10/xml/dom/minidom.py", line 2000, in parseString\n'}
[0.393267] (tugas_yolo) StderrLine: {'line': b'    return expatbuilder.parseString(string)\n'}
[0.393289] (tugas_yolo) StderrLine: {'line': b'  File "/usr/lib/python3.10/xml/dom/expatbuilder.py", line 925, in parseString\n'}
[0.393310] (tugas_yolo) StderrLine: {'line': b'    return builder.parseString(string)\n'}
[0.393331] (tugas_yolo) StderrLine: {'line': b'  File "/usr/lib/python3.10/xml/dom/expatbuilder.py", line 223, in parseString\n'}
[0.393350] (tugas_yolo) StderrLine: {'line': b'    parser.Parse(string, True)\n'}
[0.393370] (tugas_yolo) StderrLine: {'line': b'xml.parsers.expat.ExpatError: mismatched tag: line 18, column 18\n'}
[0.393390] (tugas_yolo) StderrLine: {'line': b'\n'}
[0.393410] (tugas_yolo) StderrLine: {'line': b'During handling of the above exception, another exception occurred:\n'}
[0.393430] (tugas_yolo) StderrLine: {'line': b'\n'}
[0.393449] (tugas_yolo) StderrLine: {'line': b'Traceback (most recent call last):\n'}
[0.393469] (tugas_yolo) StderrLine: {'line': b'  File "/opt/ros/humble/share/ament_cmake_core/cmake/core/package_xml_2_cmake.py", line 150, in <module>\n'}
[0.393489] (tugas_yolo) StderrLine: {'line': b'    main()\n'}
[0.393508] (tugas_yolo) StderrLine: {'line': b'  File "/opt/ros/humble/share/ament_cmake_core/cmake/core/package_xml_2_cmake.py", line 53, in main\n'}
[0.393533] (tugas_yolo) StderrLine: {'line': b'    raise e\n'}
[0.393555] (tugas_yolo) StderrLine: {'line': b'  File "/opt/ros/humble/share/ament_cmake_core/cmake/core/package_xml_2_cmake.py", line 49, in main\n'}
[0.393577] (tugas_yolo) StderrLine: {'line': b'    package = parse_package_string(\n'}
[0.393602] (tugas_yolo) StderrLine: {'line': b'  File "/usr/lib/python3/dist-packages/catkin_pkg/package.py", line 612, in parse_package_string\n'}
[0.393623] (tugas_yolo) StderrLine: {'line': b"    raise InvalidPackage('The manifest contains invalid XML:\\n%s' % ex, filename)\n"}
[0.393645] (tugas_yolo) StderrLine: {'line': b"catkin_pkg.package.InvalidPackage: Error(s) in package '/home/basten/ros2_ws/src/MagangBanyubramanta_Basten-Andika-Salim/src/tugas_yolo/package.xml':\n"}
[0.393665] (tugas_yolo) StderrLine: {'line': b'The manifest contains invalid XML:\n'}
[0.393685] (tugas_yolo) StderrLine: {'line': b'mismatched tag: line 18, column 18\n'}
[0.399086] (tugas_yolo) StderrLine: {'line': b'\x1b[31mCMake Error at /opt/ros/humble/share/ament_cmake_core/cmake/core/ament_package_xml.cmake:95 (message):\n'}
[0.399149] (tugas_yolo) StderrLine: {'line': b'  execute_process(/usr/bin/python3\n'}
[0.399176] (tugas_yolo) StderrLine: {'line': b'  /opt/ros/humble/share/ament_cmake_core/cmake/core/package_xml_2_cmake.py\n'}
[0.399199] (tugas_yolo) StderrLine: {'line': b'  /home/basten/ros2_ws/src/MagangBanyubramanta_Basten-Andika-Salim/src/tugas_yolo/package.xml\n'}
[0.399221] (tugas_yolo) StderrLine: {'line': b'  /home/basten/ros2_ws/src/MagangBanyubramanta_Basten-Andika-Salim/src/build/tugas_yolo/ament_cmake_core/package.cmake)\n'}
[0.399376] (tugas_yolo) StderrLine: {'line': b'  returned error code 1\n'}
[0.399414] (tugas_yolo) StderrLine: {'line': b'Call Stack (most recent call first):\n'}
[0.399439] (tugas_yolo) StderrLine: {'line': b'  /opt/ros/humble/share/ament_cmake_core/cmake/core/ament_package_xml.cmake:49 (_ament_package_xml)\n'}
[0.399461] (tugas_yolo) StderrLine: {'line': b'  /opt/ros/humble/share/ament_lint_auto/cmake/ament_lint_auto_find_test_dependencies.cmake:31 (ament_package_xml)\n'}
[0.399483] (tugas_yolo) StderrLine: {'line': b'  CMakeLists.txt:39 (ament_lint_auto_find_test_dependencies)\n'}
[0.399505] (tugas_yolo) StderrLine: {'line': b'\n'}
[0.399525] (tugas_yolo) StderrLine: {'line': b'\x1b[0m\n'}
[0.399546] (tugas_yolo) StdoutLine: {'line': b'-- Configuring incomplete, errors occurred!\n'}
[0.399570] (tugas_yolo) StdoutLine: {'line': b'See also "/home/basten/ros2_ws/src/MagangBanyubramanta_Basten-Andika-Salim/src/build/tugas_yolo/CMakeFiles/CMakeOutput.log".\n'}
[0.399890] (-) TimerEvent: {}
[0.403292] (tugas_yolo) StderrLine: {'line': b'gmake: *** [Makefile:267: cmake_check_build_system] Error 1\n'}
[0.404411] (tugas_yolo) CommandEnded: {'returncode': 2}
[0.404628] (tugas_yolo) JobEnded: {'identifier': 'tugas_yolo', 'rc': 2}
[0.414809] (-) EventReactorShutdown: {}
